../../Middlewares/ST/touchgfx/framework/include/touchgfx/Screen.hpp:104:18:virtual void touchgfx::Screen::afterTransition()	0	static
../../Middlewares/ST/touchgfx/framework/include/touchgfx/Screen.hpp:154:18:virtual void touchgfx::Screen::handleKeyEvent(uint8_t)	0	static
../../TouchGFX/generated/gui_generated/include/gui_generated/screen2_screen/Screen2ViewBase.hpp:25:18:virtual void Screen2ViewBase::ExitFromScreen2()	0	static
C:/Users/asiat/Videos/SimpleRacing/SimpleRacing/TouchGFX/gui/src/screen2_screen/Screen2View.cpp:149:6:virtual void Screen2View::resetGame()	8	static
C:/Users/asiat/Videos/SimpleRacing/SimpleRacing/TouchGFX/gui/src/screen2_screen/Screen2View.cpp:165:6:virtual bool Screen2View::checkCollision(const touchgfx::Image&, const touchgfx::Image&)	8	static
C:/Users/asiat/Videos/SimpleRacing/SimpleRacing/TouchGFX/gui/src/screen2_screen/Screen2View.cpp:24:6:virtual void Screen2View::tearDownScreen()	0	static
../../TouchGFX/gui/include/gui/screen2_screen/Screen2View.hpp:11:13:Screen2View::~Screen2View()	8	static
../../TouchGFX/gui/include/gui/screen2_screen/Screen2View.hpp:11:13:virtual Screen2View::~Screen2View()	8	static
C:/Users/asiat/Videos/SimpleRacing/SimpleRacing/TouchGFX/gui/src/screen2_screen/Screen2View.cpp:7:1:Screen2View::Screen2View()	8	static
C:/Users/asiat/Videos/SimpleRacing/SimpleRacing/TouchGFX/gui/src/screen2_screen/Screen2View.cpp:11:6:virtual void Screen2View::setupScreen()	8	static
C:/Users/asiat/Videos/SimpleRacing/SimpleRacing/TouchGFX/gui/src/screen2_screen/Screen2View.cpp:30:6:virtual void Screen2View::handleTickEvent()	16	static
C:/Users/asiat/Videos/SimpleRacing/SimpleRacing/TouchGFX/gui/src/screen2_screen/Screen2View.cpp:111:6:virtual void Screen2View::updatePoint(int)	16	static
C:/Users/asiat/Videos/SimpleRacing/SimpleRacing/TouchGFX/gui/src/screen2_screen/Screen2View.cpp:118:6:virtual void Screen2View::updateHearts()	8	static
